// Jest Snapshot v1, https://goo.gl/fbAQLP

exports[`instruments: sum should return addition 1`] = `11`;
