// Jest Snapshot v1, https://goo.gl/fbAQLP

exports[`counter should match snapshot 1`] = `
<section
  className="counter"
>
  Posts count: 
  3
</section>
`;
